ExpansionTraderNiki.MMG|8082.06 455.391 9374.37|179.550491 0.000000 0.000000|MMG_supplybag_black,MMG_boots_black,MMG_combatshirt_green,MMG_combatpants_black,MMG_facemask_black,MMG_tactical_helmet_erdl,MMG_headphones_green,mmg_tac_goggles_red_black
ExpansionTraderAIQuinn.SNAFU_Weapons|8076.06 455.589 9372.68|80.0 0.000000 0.000000|loadout:MMGSNAFULoadout
ExpansionTraderLewis.SNAFU_Attachments|8076.92 455.621 9375.0|139.22 0.000000 0.000000|MMG_operatorshirt_green,MMG_boots_black,mmg_boonie_green,mmg_tactical_pants_erdl,MMG_tt_vest_black,TacticalGoggles
ExpansionTraderAIRolf.Special|8086.24 455.569 9372.69|154.768 0.000000 0.000000|mmg_tactical_gloves_black,mm_shemagh2_green,JungleBoots_Green,mm_padded_jeans_blue,tacticalshirt_olive,expansionlaw,MMG_falcon_b1_belt_olive
ExpansionTraderFrancis.Weapons|8092.350098 458.968506 9327.890625|36.047794 0.000000 -0.000000|HunterPants_Spring,HuntingJacket_Summer,CombatBoots_Green,MilitaryBelt,HuntingBag,AKM+Mag_AKM_30Rnd+KobraOptic
ExpansionTraderSeth.Attachments|8093.426758 458.817993 9332.768555|172.391983 0.000000 -0.000000|CargoPants_Green,M65Jacket_Khaki,UKAssVest_Black,WorkingGloves_Black,AviatorGlasses,TTSKOBoots