ExpansionTraderHassan.BlackTrader|613.899 391.96 12137.4|26.565 0.000000 -0.000000|SNAFUSWM629,mm_shemagh2_grey,JungleBoots_Black,tracksuitpants_black,ChernarusSportShirt,mm_combat_vest_black
ExpansionTraderNiki.MMG|8082.06 455.391 9374.37|179.550491 0.000000 0.000000|MMG_supplybag_black,MMG_boots_black,MMG_combatshirt_green,MMG_combatpants_black,MMG_facemask_black,MMG_tactical_helmet_erdl,MMG_headphones_green,mmg_tac_goggles_red_black
ExpansionTraderQuinn.SNAFU_Weapons|8076.06 455.589 9372.68|80.0 0.000000 0.000000|MMG_MK_III_Armor_black,MMG_tactical_shirt_black,MMG_boots_black,mmg_tactical_gloves_black,mmg_tactical_pants_black,SNAFUUzi,MMG_headphones_black,MMG_falcon_b1_belt_black
ExpansionTraderLewis.SNAFU_Attachments|8076.92 455.621 9375.0|139.22 0.000000 0.000000|MMG_operatorshirt_green,MMG_boots_black,mmg_boonie_green,mmg_tactical_pants_erdl,MMG_tt_vest_black,TacticalGoggles
ExpansionTraderRolf.Special|8086.24 455.569 9372.69|154.768 0.000000 0.000000|mmg_tactical_gloves_black,mm_shemagh2_green,JungleBoots_Green,mm_padded_jeans_blue,tacticalshirt_olive,expansionlaw,MMG_falcon_b1_belt_olive
ExpansionTraderQuinn.FarmersMarket|6960.64 296.832 7681.05|-126..441 0.000000 0.000000|jeans_blue,Shirt_BlueCheckBright,workingboots_beige
ExpansionTraderRolf.Vehicles|6368.34 288.267 7539.15|20.0 0.000000 -0.000000|WorkingBoots_Brown,m65jacket_tan,CargoPants_Black,flatcap_greycheck
ExpansionTraderNaomi.Vehicle_Parts|6375.39 288.27 7541.33|-37.5 0.000000 -0.000000|WorkingBoots_Brown,sweater_red,jumpsuitpants_blue,workinggloves_brown,wrench,wrench,wrench,wrench,wrench,wrench,wrench,wrench,wrench,wrench,wrench,wrench,wrench
ExpansionTraderNiki.BuildingSupplies|7226.87 333.464 8267.07|-140.0 0.000000 0.000000|jeans_blue,WorkingBoots_Brown,sweater_red
ExpansionTraderIndar.Components|7223.29 330.309 8261.27|20.0 0.000000 -0.000000|cargopants_grey,constructionhelmet_lime,hikingjacket_green,WorkingBoots_Brown,workinggloves_brown
ExpansionTraderQuinn.Hunter|7838.22 263.57 11579.5|-150.0 0.000000 0.000000|hunterpants_brown,m65jacket_olive,WorkingBoots_Brown,cowboyhat_brown
ExpansionTraderJose.Boats|14353.624023 3.326771 13229.217773|82.998276 0.000000 -0.000000|mm_winter_jacket_blue,beaniehat_black,mm_survival_pants_black,HikingBoots_Black
ExpansionTraderEva.Fishing|14381.9 3.31646 13273.9|-150.0 0.000000 -0.000000|beaniehat_green,hikingjacket_blue,jeans_black,HikingBoots_Black
ExpansionTraderHassan.Aircraft|11886.1 140.107 12440.3|-134.375 0.000000 -0.000000|RadarCap_Green,telnyashkashirt,mm_padded_jeans_blue,HikingBoots_Black,mmg_tactical_gloves_black,mm_combat_vest_black
ExpansionExchangeMachine.Exchange|3686.830078 404.339996 5982.439941|160.266998 0.000000 0.000000
ExpansionTraderDenis.Clothing|3705.86 402.002 5958.63|-15.391 0.000000 -0.000000|DressShoes_Brown,CivilianBelt,SlacksPants_Blue,ManSuit_Blue
ExpansionTraderMaria.Clothing_Accessories|3708.19 402.002 5959.37|-51.0482 0.000000 -0.000000|QuiltedJacket_Violet,Breeches_Beetcheck,ThinFramesGlasses,JoggingShoes_Violet
ExpansionTraderQuinn.Consumables|3724.55 402.585 5970.65|-79.5074 0.000000 0.000000|CargoPants_Black,Shirt_BlueCheckBright,SurgicalGloves_Blue,BaseballCap_Blue,AthleticShoes_Blue,CivilianBelt,DryBag_Blue
ExpansionTraderNaomi.Weapons|3691.91 402.1 5968.18|121.27 0.000000 -0.000000|HunterPants_Spring,HuntingJacket_Summer,Balaclava3Holes_Black,CowboyHat_black,CombatBoots_Green,MilitaryBelt,HuntingBag,Armband_Black
ExpansionTraderSeth.Attachments|3694.41 402.1 5969.31|165.552 0.000000 -0.000000|CargoPants_Green,M65Jacket_Khaki,UKAssVest_Black,WorkingGloves_Black,AviatorGlasses,PilotkaCap,TTSKOBoots,AssaultBag_Black
ExpansionTraderJudy.Medicals|3729.029541 402.651 5969.476563|-62.680214 0.000000 -0.000000|MilitaryBoots_Black,ParamedicPants_Crimson,SurgicalGloves_Green,ParamedicJacket_Crimson,ParamedicPants_Blue

